---
source: src/libvamc_llvm/src/tests/variables/variable_declarations.rs
expression: compiler.module.print_to_string().to_string_lossy()
---
; ModuleID = 'test_module'
source_filename = "test_module"

define i32 @test_function() {
test_block:
  %first = alloca i32
  store i32 20, i32* %first
}

