---
source: src/libvamc_llvm/src/tests/functions/function_calls.rs
expression: compiler.module.print_to_string().to_string_lossy()
---
; ModuleID = 'test_module'
source_filename = "test_module"

define i32 @test_function() {
test_block:
  %apply_return_one = call i32 @return_one(i32 10)
}

define i32 @return_one(i32 %x) {
return_one:
  ret i32 1
}

