---
source: src/libvamc_llvm/src/tests/functions/function_declarations.rs
expression: compiler.module.print_to_string().to_string_lossy()
---
; ModuleID = 'test_module'
source_filename = "test_module"

define i32 @test_function() {
test_block:
}

define i32 @return_one(i32 %a, i32 %b, i32 %c) {
return_one:
  ret i32 1
}

